// Vitest Snapshot v1, https://vitest.dev/guide/snapshot.html

exports[`should match snapshot 1`] = `
<DocumentFragment>
  <div
    id="1"
  >
    Test task
    <button>
      X
    </button>
  </div>
</DocumentFragment>
`;
