// Vitest Snapshot v1, https://vitest.dev/guide/snapshot.html

exports[`should match snapshot 1`] = `
<DocumentFragment>
  <div
    class="Box"
    style="background-color: white; height: 50px; width: 50px;"
  >
    <button>
      X
    </button>
  </div>
</DocumentFragment>
`;
